p: 384 bits, n^2=147456, n^4=21743271936, B0=4000000, Bmax=2000000000000, c=1.00
[widen: B=4000000, +976 candidates (pool 976), y=262144]
[widen: B=8000000, +370 candidates (pool 1346), y=262144]
[deepen: y=524288, pool=1346]
[deepen: y=1048576, pool=1346]
[deepen: y=2097152, pool=1346]
[widen: B=16000000, +510 candidates (pool 1856), y=2097152]
[deepen: y=4194304, pool=1856]
[deepen: y=8388608, pool=1856]
[widen: B=32000000, +846 candidates (pool 2702), y=8388608]
[deepen: y=16777216, pool=2702]
[widen: B=64000000, +1134 candidates (pool 3836), y=16777216]
[deepen: y=33554432, pool=3836]
[deepen: y=67108864, pool=3836]
[widen: B=128000000, +1742 candidates (pool 5578), y=67108864]
[deepen: y=134217728, pool=5578]
[widen: B=256000000, +2324 candidates (pool 7902), y=134217728]
[deepen: y=268435456, pool=7902]
[widen: B=512000000, +3282 candidates (pool 11184), y=268435456]
[deepen: y=536870912, pool=11184]
[widen: B=1024000000, +4648 candidates (pool 15832), y=536870912]
[deepen: y=1073741824, pool=15832]
[deepen: y=2147483648, pool=15832]
[widen: B=2048000000, +6546 candidates (pool 22378), y=2147483648]
segment (2147483648, 4294967296]: built 3098 Mbit (42.7s)
[deepen: y=4294967296, pool=22378]
[widen: B=4096000000, +8978 candidates (pool 31356), y=4294967296]
segment (4294967296, 8589934592]: built 6196 Mbit (91.4s)
[deepen: y=8589934592, pool=31356]
[widen: B=8192000000, +13098 candidates (pool 44454), y=8589934592]
segment (8589934592, 17179869184]: built 12393 Mbit (191.2s)
[deepen: y=17179869184, pool=44454]
segment (17179869184, 21743271936]: built 6584 Mbit (100.5s)
[deepen: y=21743271936, pool=44454]
[widen: B=16384000000, +18620 candidates (pool 63074), y=21743271936]
[widen: B=32768000000, +26030 candidates (pool 89104), y=21743271936]
[widen: B=65536000000, +37178 candidates (pool 126282), y=21743271936]
[cert: D=-46745938059 at y=21743271936, B=65536000000, pool=126282, 2306.1s total]
26434021472955059440995049049133607608478727895332218561493998232793409869423669606719668326097679061651704451152407 24497365578445104154390120850739742331395987597440528874665077434096306140119906705761783023986089308410918663299200 3880543796167212289410883325277766630912278920098469531994627411227111507880208438150248740172174035663957785028928 24737638144218836814484601782901841697731270319359112873957 333101 10555331 150960517 914735929 6862109171 9366428231
