[     0.0s] p = 152833408695191568442454466844935203582266693226358108545552355187596469576591970254765600312576466564416479079030119214856761 (416 bits), n^4 = 29948379136, workers=188 cap=off
[     0.2s] 188 gp workers started
[    30.8s] 200 curves sampled (6.49 curves/s, 28.9 s/curve/worker)
[    49.4s] 400 curves sampled (8.10 curves/s, 23.2 s/curve/worker)
[    70.8s] 600 curves sampled (8.48 curves/s, 22.2 s/curve/worker)
[    91.7s] 800 curves sampled (8.73 curves/s, 21.5 s/curve/worker)
[   113.0s] 1000 curves sampled (8.85 curves/s, 21.2 s/curve/worker)
[   132.9s] 1200 curves sampled (9.03 curves/s, 20.8 s/curve/worker)
[   155.2s] 1400 curves sampled (9.02 curves/s, 20.8 s/curve/worker)
[   175.5s] 1600 curves sampled (9.12 curves/s, 20.6 s/curve/worker)
[   195.9s] 1800 curves sampled (9.19 curves/s, 20.5 s/curve/worker)
[   217.9s] 2000 curves sampled (9.18 curves/s, 20.5 s/curve/worker)
[   234.3s] gate: 2000 traces, 0 winner(s), 11.697s smooth_parts
[   239.9s] 2200 curves sampled (9.17 curves/s, 20.5 s/curve/worker)
[   260.6s] 2400 curves sampled (9.21 curves/s, 20.4 s/curve/worker)
[   281.6s] 2600 curves sampled (9.23 curves/s, 20.4 s/curve/worker)
[   302.2s] 2800 curves sampled (9.27 curves/s, 20.3 s/curve/worker)
[   323.2s] 3000 curves sampled (9.28 curves/s, 20.3 s/curve/worker)
[   344.9s] 3200 curves sampled (9.28 curves/s, 20.3 s/curve/worker)
[   366.5s] 3400 curves sampled (9.28 curves/s, 20.3 s/curve/worker)
[   388.3s] 3600 curves sampled (9.27 curves/s, 20.3 s/curve/worker)
[   409.2s] 3800 curves sampled (9.29 curves/s, 20.2 s/curve/worker)
[   429.5s] 4000 curves sampled (9.31 curves/s, 20.2 s/curve/worker)
[   446.3s] gate: 2000 traces, 0 winner(s), 12.045s smooth_parts
[   452.6s] 4200 curves sampled (9.28 curves/s, 20.3 s/curve/worker)
[   473.3s] 4400 curves sampled (9.30 curves/s, 20.2 s/curve/worker)
[   495.1s] 4600 curves sampled (9.29 curves/s, 20.2 s/curve/worker)
[   516.3s] 4800 curves sampled (9.30 curves/s, 20.2 s/curve/worker)
[   536.5s] 5000 curves sampled (9.32 curves/s, 20.2 s/curve/worker)
[   558.0s] 5200 curves sampled (9.32 curves/s, 20.2 s/curve/worker)
[   581.2s] 5400 curves sampled (9.29 curves/s, 20.2 s/curve/worker)
[   600.9s] 5600 curves sampled (9.32 curves/s, 20.2 s/curve/worker)
[   623.0s] 5800 curves sampled (9.31 curves/s, 20.2 s/curve/worker)
[   644.5s] 6000 curves sampled (9.31 curves/s, 20.2 s/curve/worker)
[   660.8s] gate: 2000 traces, 0 winner(s), 11.846s smooth_parts
[   668.6s] 6200 curves sampled (9.27 curves/s, 20.3 s/curve/worker)
[   689.7s] 6400 curves sampled (9.28 curves/s, 20.3 s/curve/worker)
[   710.7s] 6600 curves sampled (9.29 curves/s, 20.2 s/curve/worker)
[   732.3s] 6800 curves sampled (9.29 curves/s, 20.2 s/curve/worker)
[   752.8s] 7000 curves sampled (9.30 curves/s, 20.2 s/curve/worker)
[   773.6s] 7200 curves sampled (9.31 curves/s, 20.2 s/curve/worker)
[   795.5s] 7400 curves sampled (9.30 curves/s, 20.2 s/curve/worker)
[   816.9s] 7600 curves sampled (9.30 curves/s, 20.2 s/curve/worker)
[   836.9s] 7800 curves sampled (9.32 curves/s, 20.2 s/curve/worker)
[   859.1s] 8000 curves sampled (9.31 curves/s, 20.2 s/curve/worker)
[   876.0s] gate: 2000 traces, 0 winner(s), 12.091s smooth_parts
[   881.0s] 8200 curves sampled (9.31 curves/s, 20.2 s/curve/worker)
[   901.1s] 8400 curves sampled (9.32 curves/s, 20.2 s/curve/worker)
[   922.9s] 8600 curves sampled (9.32 curves/s, 20.2 s/curve/worker)
[   944.2s] 8800 curves sampled (9.32 curves/s, 20.2 s/curve/worker)
[   966.3s] 9000 curves sampled (9.31 curves/s, 20.2 s/curve/worker)
[   986.1s] 9200 curves sampled (9.33 curves/s, 20.2 s/curve/worker)
[  1007.3s] 9400 curves sampled (9.33 curves/s, 20.1 s/curve/worker)
[  1028.9s] 9600 curves sampled (9.33 curves/s, 20.1 s/curve/worker)
[  1049.4s] 9800 curves sampled (9.34 curves/s, 20.1 s/curve/worker)
[  1070.1s] 10000 curves sampled (9.35 curves/s, 20.1 s/curve/worker)
[  1087.1s] gate: 2000 traces, 0 winner(s), 12.239s smooth_parts
[  1093.5s] 10200 curves sampled (9.33 curves/s, 20.2 s/curve/worker)
[  1114.3s] 10400 curves sampled (9.33 curves/s, 20.1 s/curve/worker)
[  1137.0s] 10600 curves sampled (9.32 curves/s, 20.2 s/curve/worker)
[  1157.8s] 10800 curves sampled (9.33 curves/s, 20.2 s/curve/worker)
[  1180.4s] 11000 curves sampled (9.32 curves/s, 20.2 s/curve/worker)
[  1200.9s] 11200 curves sampled (9.33 curves/s, 20.2 s/curve/worker)
[  1222.8s] 11400 curves sampled (9.32 curves/s, 20.2 s/curve/worker)
[  1243.5s] 11600 curves sampled (9.33 curves/s, 20.2 s/curve/worker)
[  1264.4s] 11800 curves sampled (9.33 curves/s, 20.1 s/curve/worker)
[  1285.7s] 12000 curves sampled (9.33 curves/s, 20.1 s/curve/worker)
[  1301.6s] gate: 2000 traces, 0 winner(s), 11.645s smooth_parts
[  1308.5s] 12200 curves sampled (9.32 curves/s, 20.2 s/curve/worker)
[  1329.8s] 12400 curves sampled (9.32 curves/s, 20.2 s/curve/worker)
[  1351.5s] 12600 curves sampled (9.32 curves/s, 20.2 s/curve/worker)
[  1372.9s] 12800 curves sampled (9.32 curves/s, 20.2 s/curve/worker)
[  1393.3s] 13000 curves sampled (9.33 curves/s, 20.1 s/curve/worker)
[  1415.0s] 13200 curves sampled (9.33 curves/s, 20.2 s/curve/worker)
[  1436.3s] 13400 curves sampled (9.33 curves/s, 20.2 s/curve/worker)
[  1458.6s] 13600 curves sampled (9.32 curves/s, 20.2 s/curve/worker)
[  1479.7s] 13800 curves sampled (9.33 curves/s, 20.2 s/curve/worker)
[  1501.7s] 14000 curves sampled (9.32 curves/s, 20.2 s/curve/worker)
[  1518.1s] gate: 2000 traces, 0 winner(s), 12.145s smooth_parts
[  1524.4s] 14200 curves sampled (9.32 curves/s, 20.2 s/curve/worker)
[  1545.4s] 14400 curves sampled (9.32 curves/s, 20.2 s/curve/worker)
[  1567.4s] 14600 curves sampled (9.31 curves/s, 20.2 s/curve/worker)
[  1588.4s] 14800 curves sampled (9.32 curves/s, 20.2 s/curve/worker)
[  1610.7s] 15000 curves sampled (9.31 curves/s, 20.2 s/curve/worker)
[  1631.4s] 15200 curves sampled (9.32 curves/s, 20.2 s/curve/worker)
[  1651.6s] 15400 curves sampled (9.32 curves/s, 20.2 s/curve/worker)
[  1673.3s] 15600 curves sampled (9.32 curves/s, 20.2 s/curve/worker)
[  1694.3s] 15800 curves sampled (9.33 curves/s, 20.2 s/curve/worker)
[  1716.5s] 16000 curves sampled (9.32 curves/s, 20.2 s/curve/worker)
[  1732.9s] gate: 2000 traces, 0 winner(s), 11.997s smooth_parts
[  1738.8s] 16200 curves sampled (9.32 curves/s, 20.2 s/curve/worker)
[  1760.2s] 16400 curves sampled (9.32 curves/s, 20.2 s/curve/worker)
[  1780.6s] 16600 curves sampled (9.32 curves/s, 20.2 s/curve/worker)
[  1801.8s] 16800 curves sampled (9.32 curves/s, 20.2 s/curve/worker)
[  1823.1s] 17000 curves sampled (9.32 curves/s, 20.2 s/curve/worker)
[  1845.3s] 17200 curves sampled (9.32 curves/s, 20.2 s/curve/worker)
[  1867.4s] 17400 curves sampled (9.32 curves/s, 20.2 s/curve/worker)
[  1889.2s] 17600 curves sampled (9.32 curves/s, 20.2 s/curve/worker)
[  1910.0s] 17800 curves sampled (9.32 curves/s, 20.2 s/curve/worker)
[  1932.0s] 18000 curves sampled (9.32 curves/s, 20.2 s/curve/worker)
[  1948.3s] gate: 2000 traces, 0 winner(s), 12.015s smooth_parts
[  1954.1s] 18200 curves sampled (9.31 curves/s, 20.2 s/curve/worker)
[  1974.7s] 18400 curves sampled (9.32 curves/s, 20.2 s/curve/worker)
[  1995.8s] 18600 curves sampled (9.32 curves/s, 20.2 s/curve/worker)
[  2017.4s] 18800 curves sampled (9.32 curves/s, 20.2 s/curve/worker)
[  2039.1s] 19000 curves sampled (9.32 curves/s, 20.2 s/curve/worker)
[  2060.4s] 19200 curves sampled (9.32 curves/s, 20.2 s/curve/worker)
[  2081.4s] 19400 curves sampled (9.32 curves/s, 20.2 s/curve/worker)
[  2102.6s] 19600 curves sampled (9.32 curves/s, 20.2 s/curve/worker)
[  2123.9s] 19800 curves sampled (9.32 curves/s, 20.2 s/curve/worker)
[  2144.9s] 20000 curves sampled (9.32 curves/s, 20.2 s/curve/worker)
[  2161.0s] gate: 2000 traces, 0 winner(s), 11.687s smooth_parts
[  2168.2s] 20200 curves sampled (9.32 curves/s, 20.2 s/curve/worker)
[  2189.7s] 20400 curves sampled (9.32 curves/s, 20.2 s/curve/worker)
[  2210.2s] 20600 curves sampled (9.32 curves/s, 20.2 s/curve/worker)
[  2231.1s] 20800 curves sampled (9.32 curves/s, 20.2 s/curve/worker)
[  2251.7s] 21000 curves sampled (9.33 curves/s, 20.2 s/curve/worker)
[  2274.0s] 21200 curves sampled (9.32 curves/s, 20.2 s/curve/worker)
[  2294.5s] 21400 curves sampled (9.33 curves/s, 20.2 s/curve/worker)
[  2315.3s] 21600 curves sampled (9.33 curves/s, 20.2 s/curve/worker)
[  2336.3s] 21800 curves sampled (9.33 curves/s, 20.1 s/curve/worker)
[  2357.9s] 22000 curves sampled (9.33 curves/s, 20.1 s/curve/worker)
[  2374.2s] gate: 2000 traces, 0 winner(s), 11.956s smooth_parts
[  2380.6s] 22200 curves sampled (9.33 curves/s, 20.2 s/curve/worker)
[  2402.6s] 22400 curves sampled (9.32 curves/s, 20.2 s/curve/worker)
[  2424.4s] 22600 curves sampled (9.32 curves/s, 20.2 s/curve/worker)
[  2446.5s] 22800 curves sampled (9.32 curves/s, 20.2 s/curve/worker)
[  2466.8s] 23000 curves sampled (9.32 curves/s, 20.2 s/curve/worker)
[  2488.5s] 23200 curves sampled (9.32 curves/s, 20.2 s/curve/worker)
[  2510.3s] 23400 curves sampled (9.32 curves/s, 20.2 s/curve/worker)
[  2531.0s] 23600 curves sampled (9.32 curves/s, 20.2 s/curve/worker)
[  2552.3s] 23800 curves sampled (9.32 curves/s, 20.2 s/curve/worker)
[  2573.7s] 24000 curves sampled (9.32 curves/s, 20.2 s/curve/worker)
[  2590.3s] gate: 2000 traces, 0 winner(s), 12.078s smooth_parts
[  2596.6s] 24200 curves sampled (9.32 curves/s, 20.2 s/curve/worker)
[  2617.9s] 24400 curves sampled (9.32 curves/s, 20.2 s/curve/worker)
[  2638.3s] 24600 curves sampled (9.32 curves/s, 20.2 s/curve/worker)
[  2659.8s] 24800 curves sampled (9.32 curves/s, 20.2 s/curve/worker)
[  2681.2s] 25000 curves sampled (9.32 curves/s, 20.2 s/curve/worker)
[  2702.8s] 25200 curves sampled (9.32 curves/s, 20.2 s/curve/worker)
[  2724.8s] 25400 curves sampled (9.32 curves/s, 20.2 s/curve/worker)
[  2745.8s] 25600 curves sampled (9.32 curves/s, 20.2 s/curve/worker)
[  2767.4s] 25800 curves sampled (9.32 curves/s, 20.2 s/curve/worker)
[  2788.7s] 26000 curves sampled (9.32 curves/s, 20.2 s/curve/worker)
[  2804.8s] gate: 2000 traces, 1 winner(s), 11.734s smooth_parts
[  2804.9s] WINNER after 26000 curves (52000 candidate orders): |D|-free, t=37685350095584088952497810253527023202950620785253291404487514
[  2804.9s]   N = 152833408695191568442454466844935203582266693226358108545552355149911119481007881302267790059049443361465858293776827810369248
[  2804.9s]   m = 2698912260330314110637033861258845501508296248943922031635604410501 (221 bits), 7 large primes [9340459, 314656711, 341971009, 822771227, 2060961143, 2191903877, 5506556371]
[  2804.9s]   cert -> race/sea_416.txt
[  2804.9s] done: 26000 curves, 1 cert(s), 2804.9 s wall (~527318 core-s of SEA)
[  2804.9s] observed winner density: 1 per 26000 curves (52000 candidate orders)
