p: 416 bits, n^2=173056, n^4=29948379136, B0=4000000, Bmax=2000000000000, c=1.00
[widen: B=4000000, +4704 candidates (pool 4704), y=262144]
[deepen: y=524288, pool=4704]
[deepen: y=1048576, pool=4704]
[deepen: y=2097152, pool=4704]
[deepen: y=4194304, pool=4704]
[deepen: y=8388608, pool=4704]
[widen: B=8000000, +1992 candidates (pool 6696), y=8388608]
[deepen: y=16777216, pool=6696]
[deepen: y=33554432, pool=6696]
[widen: B=16000000, +2674 candidates (pool 9370), y=33554432]
[deepen: y=67108864, pool=9370]
[widen: B=32000000, +3910 candidates (pool 13280), y=67108864]
[deepen: y=134217728, pool=13280]
[deepen: y=268435456, pool=13280]
[widen: B=64000000, +5540 candidates (pool 18820), y=268435456]
[deepen: y=536870912, pool=18820]
[widen: B=128000000, +8136 candidates (pool 26956), y=536870912]
[deepen: y=1073741824, pool=26956]
[widen: B=256000000, +11342 candidates (pool 38298), y=1073741824]
[deepen: y=2147483648, pool=38298]
[widen: B=512000000, +15556 candidates (pool 53854), y=2147483648]
[deepen: y=4294967296, pool=53854]
[deepen: y=8589934592, pool=53854]
[widen: B=1024000000, +22116 candidates (pool 75970), y=8589934592]
[deepen: y=17179869184, pool=75970]
segment (17179869184, 29948379136]: built 18421 Mbit (338.5s)
[deepen: y=29948379136, pool=75970]
[widen: B=2048000000, +31582 candidates (pool 107552), y=29948379136]
[widen: B=4096000000, +44932 candidates (pool 152484), y=29948379136]
[cert: D=-2064532792 at y=29948379136, B=4096000000, pool=152484, 1773.7s total]
152833408695191568442454466844935203582266693226358108545552355187596469576591970254765600312576466564416479079030119214856761 75716172604382014381214345477354816554765763992492431580433761029161787569701217910614180674747657169433955221461023721293029 72452947493127070348710822628845227818033217840445006979145490616769875590137590274137593570361594586006603504814708556546743 403305639950413931441823114280051986725644896223461223102781877 372719 15104923 1856220721 1914091301 5764652119 18012184831
