p: 448 bits, n^2=200704, n^4=40282095616, B0=4000000, Bmax=2000000000000, c=1.00
[widen: B=4000000, +1668 candidates (pool 1668), y=262144]
[deepen: y=524288, pool=1668]
[deepen: y=1048576, pool=1668]
[deepen: y=2097152, pool=1668]
[widen: B=8000000, +672 candidates (pool 2340), y=2097152]
[deepen: y=4194304, pool=2340]
[deepen: y=8388608, pool=2340]
[widen: B=16000000, +966 candidates (pool 3306), y=8388608]
[deepen: y=16777216, pool=3306]
[deepen: y=33554432, pool=3306]
[widen: B=32000000, +1366 candidates (pool 4672), y=33554432]
[deepen: y=67108864, pool=4672]
[widen: B=64000000, +1994 candidates (pool 6666), y=67108864]
[deepen: y=134217728, pool=6666]
[widen: B=128000000, +2874 candidates (pool 9540), y=134217728]
[deepen: y=268435456, pool=9540]
[deepen: y=536870912, pool=9540]
[widen: B=256000000, +3918 candidates (pool 13458), y=536870912]
[deepen: y=1073741824, pool=13458]
[widen: B=512000000, +5808 candidates (pool 19266), y=1073741824]
[deepen: y=2147483648, pool=19266]
[widen: B=1024000000, +8168 candidates (pool 27434), y=2147483648]
[deepen: y=4294967296, pool=27434]
[widen: B=2048000000, +11468 candidates (pool 38902), y=4294967296]
[deepen: y=8589934592, pool=38902]
[widen: B=4096000000, +16036 candidates (pool 54938), y=8589934592]
[deepen: y=17179869184, pool=54938]
[widen: B=8192000000, +22630 candidates (pool 77568), y=17179869184]
segment (17179869184, 34359738368]: built 24785 Mbit (413.7s)
[deepen: y=34359738368, pool=77568]
segment (34359738368, 40282095616]: built 8544 Mbit (121.8s)
[deepen: y=40282095616, pool=77568]
[widen: B=16384000000, +31872 candidates (pool 109440), y=40282095616]
[widen: B=32768000000, +45034 candidates (pool 154474), y=40282095616]
[widen: B=65536000000, +64262 candidates (pool 218736), y=40282095616]
[widen: B=131072000000, +90528 candidates (pool 309264), y=40282095616]
[cert: D=-130269875963 at y=40282095616, B=131072000000, pool=309264, 7181.8s total]
489048113143631359669206434600709626403722320004928236760000059519376361313641935925302789866903624876976314431036011885107617946122757 15035844735953406412786307085721964848411782704135567051553861790407852488920933137645469834950491665215510781121375613981698884622527 410222275844887814207931706297490190897021344932480597986460253813169428350465371315827209125763649093565406128697359594288501558332774 37868551173785429177732180201907034818350808467669505088729614151393447 300481 822881 2483543 9472139 152988331 2097415141 2742935927 9115900697
