[     0.0s] p = 489048113143631359669206434600709626403722320004928236760000059519376361313641935925302789866903624876976314431036011885107617946122757 (448 bits), n^4 = 40282095616, workers=188 cap=off
[     0.2s] 188 gp workers started
[    41.7s] 200 curves sampled (4.80 curves/s, 39.2 s/curve/worker)
[    69.0s] 400 curves sampled (5.79 curves/s, 32.4 s/curve/worker)
[    98.5s] 600 curves sampled (6.09 curves/s, 30.9 s/curve/worker)
[   125.1s] 800 curves sampled (6.39 curves/s, 29.4 s/curve/worker)
[   153.1s] 1000 curves sampled (6.53 curves/s, 28.8 s/curve/worker)
[   181.7s] 1200 curves sampled (6.61 curves/s, 28.5 s/curve/worker)
[   210.8s] 1400 curves sampled (6.64 curves/s, 28.3 s/curve/worker)
[   238.1s] 1600 curves sampled (6.72 curves/s, 28.0 s/curve/worker)
[   265.4s] 1800 curves sampled (6.78 curves/s, 27.7 s/curve/worker)
[   295.0s] 2000 curves sampled (6.78 curves/s, 27.7 s/curve/worker)
[   314.4s] gate: 2000 traces, 0 winner(s), 13.879s smooth_parts
[   324.9s] 2200 curves sampled (6.77 curves/s, 27.8 s/curve/worker)
[   353.4s] 2400 curves sampled (6.79 curves/s, 27.7 s/curve/worker)
[   381.5s] 2600 curves sampled (6.81 curves/s, 27.6 s/curve/worker)
[   410.7s] 2800 curves sampled (6.82 curves/s, 27.6 s/curve/worker)
[   439.5s] 3000 curves sampled (6.83 curves/s, 27.5 s/curve/worker)
[   468.9s] 3200 curves sampled (6.82 curves/s, 27.5 s/curve/worker)
[   497.2s] 3400 curves sampled (6.84 curves/s, 27.5 s/curve/worker)
[   526.2s] 3600 curves sampled (6.84 curves/s, 27.5 s/curve/worker)
[   555.7s] 3800 curves sampled (6.84 curves/s, 27.5 s/curve/worker)
[   583.2s] 4000 curves sampled (6.86 curves/s, 27.4 s/curve/worker)
[   602.7s] gate: 2000 traces, 0 winner(s), 13.889s smooth_parts
[   613.5s] 4200 curves sampled (6.85 curves/s, 27.5 s/curve/worker)
[   643.8s] 4400 curves sampled (6.83 curves/s, 27.5 s/curve/worker)
[   670.5s] 4600 curves sampled (6.86 curves/s, 27.4 s/curve/worker)
[   699.8s] 4800 curves sampled (6.86 curves/s, 27.4 s/curve/worker)
[   728.3s] 5000 curves sampled (6.87 curves/s, 27.4 s/curve/worker)
[   757.5s] 5200 curves sampled (6.86 curves/s, 27.4 s/curve/worker)
[   786.9s] 5400 curves sampled (6.86 curves/s, 27.4 s/curve/worker)
[   817.3s] 5600 curves sampled (6.85 curves/s, 27.4 s/curve/worker)
[   845.6s] 5800 curves sampled (6.86 curves/s, 27.4 s/curve/worker)
[   874.1s] 6000 curves sampled (6.86 curves/s, 27.4 s/curve/worker)
[   892.9s] gate: 2000 traces, 0 winner(s), 13.780s smooth_parts
[   905.5s] 6200 curves sampled (6.85 curves/s, 27.5 s/curve/worker)
[   934.9s] 6400 curves sampled (6.85 curves/s, 27.5 s/curve/worker)
[   964.0s] 6600 curves sampled (6.85 curves/s, 27.5 s/curve/worker)
[   991.6s] 6800 curves sampled (6.86 curves/s, 27.4 s/curve/worker)
[  1021.1s] 7000 curves sampled (6.86 curves/s, 27.4 s/curve/worker)
[  1050.9s] 7200 curves sampled (6.85 curves/s, 27.4 s/curve/worker)
[  1080.4s] 7400 curves sampled (6.85 curves/s, 27.4 s/curve/worker)
[  1110.0s] 7600 curves sampled (6.85 curves/s, 27.5 s/curve/worker)
[  1138.0s] 7800 curves sampled (6.85 curves/s, 27.4 s/curve/worker)
[  1167.6s] 8000 curves sampled (6.85 curves/s, 27.4 s/curve/worker)
[  1187.6s] gate: 2000 traces, 0 winner(s), 14.360s smooth_parts
[  1199.7s] 8200 curves sampled (6.83 curves/s, 27.5 s/curve/worker)
[  1229.0s] 8400 curves sampled (6.83 curves/s, 27.5 s/curve/worker)
[  1257.3s] 8600 curves sampled (6.84 curves/s, 27.5 s/curve/worker)
[  1286.3s] 8800 curves sampled (6.84 curves/s, 27.5 s/curve/worker)
[  1314.1s] 9000 curves sampled (6.85 curves/s, 27.4 s/curve/worker)
[  1343.6s] 9200 curves sampled (6.85 curves/s, 27.5 s/curve/worker)
[  1372.4s] 9400 curves sampled (6.85 curves/s, 27.4 s/curve/worker)
[  1402.2s] 9600 curves sampled (6.85 curves/s, 27.5 s/curve/worker)
[  1430.7s] 9800 curves sampled (6.85 curves/s, 27.4 s/curve/worker)
[  1459.6s] 10000 curves sampled (6.85 curves/s, 27.4 s/curve/worker)
[  1478.4s] gate: 2000 traces, 0 winner(s), 13.861s smooth_parts
[  1491.8s] 10200 curves sampled (6.84 curves/s, 27.5 s/curve/worker)
[  1520.4s] 10400 curves sampled (6.84 curves/s, 27.5 s/curve/worker)
[  1548.8s] 10600 curves sampled (6.84 curves/s, 27.5 s/curve/worker)
[  1579.3s] 10800 curves sampled (6.84 curves/s, 27.5 s/curve/worker)
[  1607.8s] 11000 curves sampled (6.84 curves/s, 27.5 s/curve/worker)
[  1637.3s] 11200 curves sampled (6.84 curves/s, 27.5 s/curve/worker)
[  1665.8s] 11400 curves sampled (6.84 curves/s, 27.5 s/curve/worker)
[  1695.3s] 11600 curves sampled (6.84 curves/s, 27.5 s/curve/worker)
[  1724.8s] 11800 curves sampled (6.84 curves/s, 27.5 s/curve/worker)
[  1753.1s] 12000 curves sampled (6.84 curves/s, 27.5 s/curve/worker)
[  1772.6s] gate: 2000 traces, 0 winner(s), 13.848s smooth_parts
[  1784.3s] 12200 curves sampled (6.84 curves/s, 27.5 s/curve/worker)
[  1811.8s] 12400 curves sampled (6.84 curves/s, 27.5 s/curve/worker)
[  1839.6s] 12600 curves sampled (6.85 curves/s, 27.4 s/curve/worker)
[  1870.5s] 12800 curves sampled (6.84 curves/s, 27.5 s/curve/worker)
[  1899.4s] 13000 curves sampled (6.84 curves/s, 27.5 s/curve/worker)
[  1929.1s] 13200 curves sampled (6.84 curves/s, 27.5 s/curve/worker)
[  1959.0s] 13400 curves sampled (6.84 curves/s, 27.5 s/curve/worker)
[  1987.3s] 13600 curves sampled (6.84 curves/s, 27.5 s/curve/worker)
[  2015.9s] 13800 curves sampled (6.85 curves/s, 27.5 s/curve/worker)
[  2045.8s] 14000 curves sampled (6.84 curves/s, 27.5 s/curve/worker)
[  2064.8s] gate: 2000 traces, 0 winner(s), 13.947s smooth_parts
[  2077.6s] 14200 curves sampled (6.83 curves/s, 27.5 s/curve/worker)
[  2106.1s] 14400 curves sampled (6.84 curves/s, 27.5 s/curve/worker)
[  2134.2s] 14600 curves sampled (6.84 curves/s, 27.5 s/curve/worker)
[  2164.4s] 14800 curves sampled (6.84 curves/s, 27.5 s/curve/worker)
[  2192.7s] 15000 curves sampled (6.84 curves/s, 27.5 s/curve/worker)
[  2220.6s] 15200 curves sampled (6.85 curves/s, 27.5 s/curve/worker)
[  2250.9s] 15400 curves sampled (6.84 curves/s, 27.5 s/curve/worker)
[  2278.0s] 15600 curves sampled (6.85 curves/s, 27.5 s/curve/worker)
[  2305.7s] 15800 curves sampled (6.85 curves/s, 27.4 s/curve/worker)
[  2333.9s] 16000 curves sampled (6.86 curves/s, 27.4 s/curve/worker)
[  2353.8s] gate: 2000 traces, 0 winner(s), 14.239s smooth_parts
[  2364.8s] 16200 curves sampled (6.85 curves/s, 27.4 s/curve/worker)
[  2394.2s] 16400 curves sampled (6.85 curves/s, 27.4 s/curve/worker)
[  2423.3s] 16600 curves sampled (6.85 curves/s, 27.4 s/curve/worker)
[  2452.6s] 16800 curves sampled (6.85 curves/s, 27.4 s/curve/worker)
[  2481.6s] 17000 curves sampled (6.85 curves/s, 27.4 s/curve/worker)
[  2510.8s] 17200 curves sampled (6.85 curves/s, 27.4 s/curve/worker)
[  2540.2s] 17400 curves sampled (6.85 curves/s, 27.4 s/curve/worker)
[  2567.9s] 17600 curves sampled (6.85 curves/s, 27.4 s/curve/worker)
[  2597.6s] 17800 curves sampled (6.85 curves/s, 27.4 s/curve/worker)
[  2625.7s] 18000 curves sampled (6.86 curves/s, 27.4 s/curve/worker)
[  2645.2s] gate: 2000 traces, 0 winner(s), 13.841s smooth_parts
[  2657.2s] 18200 curves sampled (6.85 curves/s, 27.4 s/curve/worker)
[  2686.0s] 18400 curves sampled (6.85 curves/s, 27.4 s/curve/worker)
[  2716.7s] 18600 curves sampled (6.85 curves/s, 27.5 s/curve/worker)
[  2745.0s] 18800 curves sampled (6.85 curves/s, 27.5 s/curve/worker)
[  2773.0s] 19000 curves sampled (6.85 curves/s, 27.4 s/curve/worker)
[  2801.5s] 19200 curves sampled (6.85 curves/s, 27.4 s/curve/worker)
[  2831.5s] 19400 curves sampled (6.85 curves/s, 27.4 s/curve/worker)
[  2861.5s] 19600 curves sampled (6.85 curves/s, 27.4 s/curve/worker)
[  2887.9s] 19800 curves sampled (6.86 curves/s, 27.4 s/curve/worker)
[  2918.7s] 20000 curves sampled (6.85 curves/s, 27.4 s/curve/worker)
[  2938.4s] gate: 2000 traces, 0 winner(s), 14.011s smooth_parts
[  2949.1s] 20200 curves sampled (6.85 curves/s, 27.4 s/curve/worker)
[  2979.3s] 20400 curves sampled (6.85 curves/s, 27.5 s/curve/worker)
[  3007.1s] 20600 curves sampled (6.85 curves/s, 27.4 s/curve/worker)
[  3037.8s] 20800 curves sampled (6.85 curves/s, 27.5 s/curve/worker)
[  3066.1s] 21000 curves sampled (6.85 curves/s, 27.4 s/curve/worker)
[  3096.4s] 21200 curves sampled (6.85 curves/s, 27.5 s/curve/worker)
[  3124.0s] 21400 curves sampled (6.85 curves/s, 27.4 s/curve/worker)
[  3153.7s] 21600 curves sampled (6.85 curves/s, 27.4 s/curve/worker)
[  3184.6s] 21800 curves sampled (6.85 curves/s, 27.5 s/curve/worker)
[  3213.3s] 22000 curves sampled (6.85 curves/s, 27.5 s/curve/worker)
[  3233.2s] gate: 2000 traces, 0 winner(s), 14.301s smooth_parts
[  3244.5s] 22200 curves sampled (6.84 curves/s, 27.5 s/curve/worker)
[  3272.5s] 22400 curves sampled (6.84 curves/s, 27.5 s/curve/worker)
[  3301.6s] 22600 curves sampled (6.85 curves/s, 27.5 s/curve/worker)
[  3328.5s] 22800 curves sampled (6.85 curves/s, 27.4 s/curve/worker)
[  3359.1s] 23000 curves sampled (6.85 curves/s, 27.5 s/curve/worker)
[  3386.7s] 23200 curves sampled (6.85 curves/s, 27.4 s/curve/worker)
[  3415.5s] 23400 curves sampled (6.85 curves/s, 27.4 s/curve/worker)
[  3445.6s] 23600 curves sampled (6.85 curves/s, 27.4 s/curve/worker)
[  3474.2s] 23800 curves sampled (6.85 curves/s, 27.4 s/curve/worker)
[  3502.2s] 24000 curves sampled (6.85 curves/s, 27.4 s/curve/worker)
[  3522.3s] gate: 2000 traces, 0 winner(s), 14.369s smooth_parts
[  3533.3s] 24200 curves sampled (6.85 curves/s, 27.4 s/curve/worker)
[  3561.9s] 24400 curves sampled (6.85 curves/s, 27.4 s/curve/worker)
[  3590.6s] 24600 curves sampled (6.85 curves/s, 27.4 s/curve/worker)
[  3620.4s] 24800 curves sampled (6.85 curves/s, 27.4 s/curve/worker)
[  3648.6s] 25000 curves sampled (6.85 curves/s, 27.4 s/curve/worker)
[  3675.3s] 25200 curves sampled (6.86 curves/s, 27.4 s/curve/worker)
[  3705.2s] 25400 curves sampled (6.86 curves/s, 27.4 s/curve/worker)
[  3732.7s] 25600 curves sampled (6.86 curves/s, 27.4 s/curve/worker)
[  3761.9s] 25800 curves sampled (6.86 curves/s, 27.4 s/curve/worker)
[  3791.4s] 26000 curves sampled (6.86 curves/s, 27.4 s/curve/worker)
[  3811.0s] gate: 2000 traces, 0 winner(s), 13.961s smooth_parts
[  3822.5s] 26200 curves sampled (6.85 curves/s, 27.4 s/curve/worker)
[  3851.5s] 26400 curves sampled (6.85 curves/s, 27.4 s/curve/worker)
[  3881.1s] 26600 curves sampled (6.85 curves/s, 27.4 s/curve/worker)
[  3910.5s] 26800 curves sampled (6.85 curves/s, 27.4 s/curve/worker)
[  3939.1s] 27000 curves sampled (6.85 curves/s, 27.4 s/curve/worker)
[  3967.6s] 27200 curves sampled (6.86 curves/s, 27.4 s/curve/worker)
[  3996.1s] 27400 curves sampled (6.86 curves/s, 27.4 s/curve/worker)
[  4025.2s] 27600 curves sampled (6.86 curves/s, 27.4 s/curve/worker)
[  4053.3s] 27800 curves sampled (6.86 curves/s, 27.4 s/curve/worker)
[  4082.2s] 28000 curves sampled (6.86 curves/s, 27.4 s/curve/worker)
[  4101.2s] gate: 2000 traces, 0 winner(s), 13.903s smooth_parts
[  4113.8s] 28200 curves sampled (6.86 curves/s, 27.4 s/curve/worker)
[  4142.9s] 28400 curves sampled (6.86 curves/s, 27.4 s/curve/worker)
[  4170.6s] 28600 curves sampled (6.86 curves/s, 27.4 s/curve/worker)
[  4199.8s] 28800 curves sampled (6.86 curves/s, 27.4 s/curve/worker)
[  4228.0s] 29000 curves sampled (6.86 curves/s, 27.4 s/curve/worker)
[  4255.3s] 29200 curves sampled (6.86 curves/s, 27.4 s/curve/worker)
[  4284.8s] 29400 curves sampled (6.86 curves/s, 27.4 s/curve/worker)
[  4314.2s] 29600 curves sampled (6.86 curves/s, 27.4 s/curve/worker)
[  4342.6s] 29800 curves sampled (6.86 curves/s, 27.4 s/curve/worker)
[  4372.7s] 30000 curves sampled (6.86 curves/s, 27.4 s/curve/worker)
[  4391.5s] gate: 2000 traces, 0 winner(s), 13.696s smooth_parts
[  4403.9s] 30200 curves sampled (6.86 curves/s, 27.4 s/curve/worker)
[  4432.3s] 30400 curves sampled (6.86 curves/s, 27.4 s/curve/worker)
[  4463.4s] 30600 curves sampled (6.86 curves/s, 27.4 s/curve/worker)
[  4492.5s] 30800 curves sampled (6.86 curves/s, 27.4 s/curve/worker)
[  4520.1s] 31000 curves sampled (6.86 curves/s, 27.4 s/curve/worker)
[  4548.2s] 31200 curves sampled (6.86 curves/s, 27.4 s/curve/worker)
[  4577.4s] 31400 curves sampled (6.86 curves/s, 27.4 s/curve/worker)
[  4605.5s] 31600 curves sampled (6.86 curves/s, 27.4 s/curve/worker)
[  4632.6s] 31800 curves sampled (6.86 curves/s, 27.4 s/curve/worker)
[  4662.3s] 32000 curves sampled (6.86 curves/s, 27.4 s/curve/worker)
[  4682.4s] gate: 2000 traces, 0 winner(s), 14.381s smooth_parts
[  4691.5s] 32200 curves sampled (6.86 curves/s, 27.4 s/curve/worker)
[  4721.0s] 32400 curves sampled (6.86 curves/s, 27.4 s/curve/worker)
[  4749.4s] 32600 curves sampled (6.86 curves/s, 27.4 s/curve/worker)
[  4778.7s] 32800 curves sampled (6.86 curves/s, 27.4 s/curve/worker)
[  4807.6s] 33000 curves sampled (6.86 curves/s, 27.4 s/curve/worker)
[  4838.0s] 33200 curves sampled (6.86 curves/s, 27.4 s/curve/worker)
[  4866.4s] 33400 curves sampled (6.86 curves/s, 27.4 s/curve/worker)
[  4894.2s] 33600 curves sampled (6.87 curves/s, 27.4 s/curve/worker)
[  4923.5s] 33800 curves sampled (6.87 curves/s, 27.4 s/curve/worker)
[  4954.0s] 34000 curves sampled (6.86 curves/s, 27.4 s/curve/worker)
[  4973.9s] gate: 2000 traces, 0 winner(s), 14.282s smooth_parts
[  4984.5s] 34200 curves sampled (6.86 curves/s, 27.4 s/curve/worker)
[  5011.8s] 34400 curves sampled (6.86 curves/s, 27.4 s/curve/worker)
[  5042.2s] 34600 curves sampled (6.86 curves/s, 27.4 s/curve/worker)
[  5071.1s] 34800 curves sampled (6.86 curves/s, 27.4 s/curve/worker)
[  5100.5s] 35000 curves sampled (6.86 curves/s, 27.4 s/curve/worker)
[  5129.3s] 35200 curves sampled (6.86 curves/s, 27.4 s/curve/worker)
[  5157.7s] 35400 curves sampled (6.86 curves/s, 27.4 s/curve/worker)
[  5187.6s] 35600 curves sampled (6.86 curves/s, 27.4 s/curve/worker)
[  5216.6s] 35800 curves sampled (6.86 curves/s, 27.4 s/curve/worker)
[  5245.7s] 36000 curves sampled (6.86 curves/s, 27.4 s/curve/worker)
[  5265.4s] gate: 2000 traces, 0 winner(s), 14.025s smooth_parts
[  5277.2s] 36200 curves sampled (6.86 curves/s, 27.4 s/curve/worker)
[  5306.2s] 36400 curves sampled (6.86 curves/s, 27.4 s/curve/worker)
[  5335.6s] 36600 curves sampled (6.86 curves/s, 27.4 s/curve/worker)
[  5364.2s] 36800 curves sampled (6.86 curves/s, 27.4 s/curve/worker)
[  5392.0s] 37000 curves sampled (6.86 curves/s, 27.4 s/curve/worker)
[  5421.0s] 37200 curves sampled (6.86 curves/s, 27.4 s/curve/worker)
[  5450.0s] 37400 curves sampled (6.86 curves/s, 27.4 s/curve/worker)
[  5479.0s] 37600 curves sampled (6.86 curves/s, 27.4 s/curve/worker)
[  5508.8s] 37800 curves sampled (6.86 curves/s, 27.4 s/curve/worker)
[  5537.3s] 38000 curves sampled (6.86 curves/s, 27.4 s/curve/worker)
[  5557.1s] gate: 2000 traces, 0 winner(s), 14.002s smooth_parts
[  5569.5s] 38200 curves sampled (6.86 curves/s, 27.4 s/curve/worker)
[  5598.2s] 38400 curves sampled (6.86 curves/s, 27.4 s/curve/worker)
[  5627.1s] 38600 curves sampled (6.86 curves/s, 27.4 s/curve/worker)
[  5654.7s] 38800 curves sampled (6.86 curves/s, 27.4 s/curve/worker)
[  5683.2s] 39000 curves sampled (6.86 curves/s, 27.4 s/curve/worker)
[  5711.3s] 39200 curves sampled (6.86 curves/s, 27.4 s/curve/worker)
[  5740.5s] 39400 curves sampled (6.86 curves/s, 27.4 s/curve/worker)
[  5770.4s] 39600 curves sampled (6.86 curves/s, 27.4 s/curve/worker)
[  5799.4s] 39800 curves sampled (6.86 curves/s, 27.4 s/curve/worker)
[  5827.7s] 40000 curves sampled (6.86 curves/s, 27.4 s/curve/worker)
[  5847.7s] gate: 2000 traces, 0 winner(s), 14.155s smooth_parts
[  5859.7s] 40200 curves sampled (6.86 curves/s, 27.4 s/curve/worker)
[  5888.0s] 40400 curves sampled (6.86 curves/s, 27.4 s/curve/worker)
[  5916.3s] 40600 curves sampled (6.86 curves/s, 27.4 s/curve/worker)
[  5945.7s] 40800 curves sampled (6.86 curves/s, 27.4 s/curve/worker)
[  5974.8s] 41000 curves sampled (6.86 curves/s, 27.4 s/curve/worker)
[  6003.8s] 41200 curves sampled (6.86 curves/s, 27.4 s/curve/worker)
[  6032.7s] 41400 curves sampled (6.86 curves/s, 27.4 s/curve/worker)
[  6061.3s] 41600 curves sampled (6.86 curves/s, 27.4 s/curve/worker)
[  6090.2s] 41800 curves sampled (6.86 curves/s, 27.4 s/curve/worker)
[  6120.4s] 42000 curves sampled (6.86 curves/s, 27.4 s/curve/worker)
[  6138.8s] gate: 2000 traces, 0 winner(s), 13.500s smooth_parts
[  6150.8s] 42200 curves sampled (6.86 curves/s, 27.4 s/curve/worker)
[  6180.5s] 42400 curves sampled (6.86 curves/s, 27.4 s/curve/worker)
[  6208.3s] 42600 curves sampled (6.86 curves/s, 27.4 s/curve/worker)
[  6237.1s] 42800 curves sampled (6.86 curves/s, 27.4 s/curve/worker)
[  6265.3s] 43000 curves sampled (6.86 curves/s, 27.4 s/curve/worker)
[  6293.9s] 43200 curves sampled (6.86 curves/s, 27.4 s/curve/worker)
[  6323.2s] 43400 curves sampled (6.86 curves/s, 27.4 s/curve/worker)
[  6350.8s] 43600 curves sampled (6.87 curves/s, 27.4 s/curve/worker)
[  6381.6s] 43800 curves sampled (6.86 curves/s, 27.4 s/curve/worker)
[  6409.3s] 44000 curves sampled (6.86 curves/s, 27.4 s/curve/worker)
[  6428.3s] gate: 2000 traces, 0 winner(s), 13.994s smooth_parts
[  6439.4s] 44200 curves sampled (6.86 curves/s, 27.4 s/curve/worker)
[  6469.2s] 44400 curves sampled (6.86 curves/s, 27.4 s/curve/worker)
[  6497.3s] 44600 curves sampled (6.86 curves/s, 27.4 s/curve/worker)
[  6524.9s] 44800 curves sampled (6.87 curves/s, 27.4 s/curve/worker)
[  6554.4s] 45000 curves sampled (6.87 curves/s, 27.4 s/curve/worker)
[  6582.0s] 45200 curves sampled (6.87 curves/s, 27.4 s/curve/worker)
[  6611.2s] 45400 curves sampled (6.87 curves/s, 27.4 s/curve/worker)
[  6640.1s] 45600 curves sampled (6.87 curves/s, 27.4 s/curve/worker)
[  6669.1s] 45800 curves sampled (6.87 curves/s, 27.4 s/curve/worker)
[  6698.5s] 46000 curves sampled (6.87 curves/s, 27.4 s/curve/worker)
[  6718.2s] gate: 2000 traces, 0 winner(s), 13.959s smooth_parts
[  6728.9s] 46200 curves sampled (6.87 curves/s, 27.4 s/curve/worker)
[  6759.4s] 46400 curves sampled (6.86 curves/s, 27.4 s/curve/worker)
[  6788.0s] 46600 curves sampled (6.87 curves/s, 27.4 s/curve/worker)
[  6817.5s] 46800 curves sampled (6.86 curves/s, 27.4 s/curve/worker)
[  6846.4s] 47000 curves sampled (6.86 curves/s, 27.4 s/curve/worker)
[  6874.5s] 47200 curves sampled (6.87 curves/s, 27.4 s/curve/worker)
[  6902.9s] 47400 curves sampled (6.87 curves/s, 27.4 s/curve/worker)
[  6931.6s] 47600 curves sampled (6.87 curves/s, 27.4 s/curve/worker)
[  6960.2s] 47800 curves sampled (6.87 curves/s, 27.4 s/curve/worker)
[  6990.3s] 48000 curves sampled (6.87 curves/s, 27.4 s/curve/worker)
[  7010.2s] gate: 2000 traces, 0 winner(s), 14.202s smooth_parts
[  7021.5s] 48200 curves sampled (6.86 curves/s, 27.4 s/curve/worker)
[  7050.6s] 48400 curves sampled (6.86 curves/s, 27.4 s/curve/worker)
[  7077.9s] 48600 curves sampled (6.87 curves/s, 27.4 s/curve/worker)
[  7107.2s] 48800 curves sampled (6.87 curves/s, 27.4 s/curve/worker)
[  7136.1s] 49000 curves sampled (6.87 curves/s, 27.4 s/curve/worker)
[  7164.6s] 49200 curves sampled (6.87 curves/s, 27.4 s/curve/worker)
[  7193.2s] 49400 curves sampled (6.87 curves/s, 27.4 s/curve/worker)
[  7220.7s] 49600 curves sampled (6.87 curves/s, 27.4 s/curve/worker)
[  7249.9s] 49800 curves sampled (6.87 curves/s, 27.4 s/curve/worker)
[  7278.8s] 50000 curves sampled (6.87 curves/s, 27.4 s/curve/worker)
[  7299.0s] gate: 2000 traces, 0 winner(s), 14.565s smooth_parts
[  7308.5s] 50200 curves sampled (6.87 curves/s, 27.4 s/curve/worker)
[  7338.0s] 50400 curves sampled (6.87 curves/s, 27.4 s/curve/worker)
[  7365.9s] 50600 curves sampled (6.87 curves/s, 27.4 s/curve/worker)
[  7395.9s] 50800 curves sampled (6.87 curves/s, 27.4 s/curve/worker)
[  7423.6s] 51000 curves sampled (6.87 curves/s, 27.4 s/curve/worker)
[  7452.7s] 51200 curves sampled (6.87 curves/s, 27.4 s/curve/worker)
[  7480.7s] 51400 curves sampled (6.87 curves/s, 27.4 s/curve/worker)
[  7510.7s] 51600 curves sampled (6.87 curves/s, 27.4 s/curve/worker)
[  7538.7s] 51800 curves sampled (6.87 curves/s, 27.4 s/curve/worker)
[  7567.7s] 52000 curves sampled (6.87 curves/s, 27.4 s/curve/worker)
[  7587.6s] gate: 2000 traces, 0 winner(s), 14.197s smooth_parts
[  7598.5s] 52200 curves sampled (6.87 curves/s, 27.4 s/curve/worker)
[  7627.1s] 52400 curves sampled (6.87 curves/s, 27.4 s/curve/worker)
[  7655.6s] 52600 curves sampled (6.87 curves/s, 27.4 s/curve/worker)
[  7685.2s] 52800 curves sampled (6.87 curves/s, 27.4 s/curve/worker)
[  7713.6s] 53000 curves sampled (6.87 curves/s, 27.4 s/curve/worker)
[  7743.6s] 53200 curves sampled (6.87 curves/s, 27.4 s/curve/worker)
[  7773.8s] 53400 curves sampled (6.87 curves/s, 27.4 s/curve/worker)
[  7801.6s] 53600 curves sampled (6.87 curves/s, 27.4 s/curve/worker)
[  7830.2s] 53800 curves sampled (6.87 curves/s, 27.4 s/curve/worker)
[  7858.6s] 54000 curves sampled (6.87 curves/s, 27.4 s/curve/worker)
[  7878.9s] gate: 2000 traces, 0 winner(s), 14.523s smooth_parts
[  7889.9s] 54200 curves sampled (6.87 curves/s, 27.4 s/curve/worker)
[  7918.1s] 54400 curves sampled (6.87 curves/s, 27.4 s/curve/worker)
[  7948.0s] 54600 curves sampled (6.87 curves/s, 27.4 s/curve/worker)
[  7976.4s] 54800 curves sampled (6.87 curves/s, 27.4 s/curve/worker)
[  8004.3s] 55000 curves sampled (6.87 curves/s, 27.4 s/curve/worker)
[  8034.4s] 55200 curves sampled (6.87 curves/s, 27.4 s/curve/worker)
[  8062.5s] 55400 curves sampled (6.87 curves/s, 27.4 s/curve/worker)
[  8091.5s] 55600 curves sampled (6.87 curves/s, 27.4 s/curve/worker)
[  8121.9s] 55800 curves sampled (6.87 curves/s, 27.4 s/curve/worker)
[  8150.7s] 56000 curves sampled (6.87 curves/s, 27.4 s/curve/worker)
[  8170.6s] gate: 2000 traces, 0 winner(s), 13.987s smooth_parts
[  8181.3s] 56200 curves sampled (6.87 curves/s, 27.4 s/curve/worker)
[  8210.1s] 56400 curves sampled (6.87 curves/s, 27.4 s/curve/worker)
[  8239.2s] 56600 curves sampled (6.87 curves/s, 27.4 s/curve/worker)
[  8267.8s] 56800 curves sampled (6.87 curves/s, 27.4 s/curve/worker)
[  8295.1s] 57000 curves sampled (6.87 curves/s, 27.4 s/curve/worker)
[  8324.7s] 57200 curves sampled (6.87 curves/s, 27.4 s/curve/worker)
[  8352.7s] 57400 curves sampled (6.87 curves/s, 27.4 s/curve/worker)
[  8380.6s] 57600 curves sampled (6.87 curves/s, 27.4 s/curve/worker)
[  8407.7s] 57800 curves sampled (6.87 curves/s, 27.3 s/curve/worker)
[  8437.5s] 58000 curves sampled (6.87 curves/s, 27.3 s/curve/worker)
[  8457.8s] gate: 2000 traces, 0 winner(s), 14.549s smooth_parts
[  8468.1s] 58200 curves sampled (6.87 curves/s, 27.4 s/curve/worker)
[  8498.4s] 58400 curves sampled (6.87 curves/s, 27.4 s/curve/worker)
[  8526.6s] 58600 curves sampled (6.87 curves/s, 27.4 s/curve/worker)
[  8558.4s] 58800 curves sampled (6.87 curves/s, 27.4 s/curve/worker)
[  8586.1s] 59000 curves sampled (6.87 curves/s, 27.4 s/curve/worker)
[  8614.6s] 59200 curves sampled (6.87 curves/s, 27.4 s/curve/worker)
[  8642.1s] 59400 curves sampled (6.87 curves/s, 27.4 s/curve/worker)
[  8671.6s] 59600 curves sampled (6.87 curves/s, 27.4 s/curve/worker)
[  8699.3s] 59800 curves sampled (6.87 curves/s, 27.3 s/curve/worker)
[  8728.1s] 60000 curves sampled (6.87 curves/s, 27.3 s/curve/worker)
[  8748.0s] gate: 2000 traces, 0 winner(s), 14.116s smooth_parts
[  8758.2s] 60200 curves sampled (6.87 curves/s, 27.4 s/curve/worker)
[  8786.5s] 60400 curves sampled (6.87 curves/s, 27.3 s/curve/worker)
[  8816.5s] 60600 curves sampled (6.87 curves/s, 27.4 s/curve/worker)
[  8844.0s] 60800 curves sampled (6.87 curves/s, 27.3 s/curve/worker)
[  8872.8s] 61000 curves sampled (6.87 curves/s, 27.3 s/curve/worker)
[  8900.8s] 61200 curves sampled (6.88 curves/s, 27.3 s/curve/worker)
[  8928.6s] 61400 curves sampled (6.88 curves/s, 27.3 s/curve/worker)
[  8959.1s] 61600 curves sampled (6.88 curves/s, 27.3 s/curve/worker)
[  8987.3s] 61800 curves sampled (6.88 curves/s, 27.3 s/curve/worker)
[  9015.5s] 62000 curves sampled (6.88 curves/s, 27.3 s/curve/worker)
[  9035.2s] gate: 2000 traces, 0 winner(s), 13.918s smooth_parts
[  9049.1s] 62200 curves sampled (6.87 curves/s, 27.4 s/curve/worker)
[  9076.8s] 62400 curves sampled (6.87 curves/s, 27.3 s/curve/worker)
[  9106.1s] 62600 curves sampled (6.87 curves/s, 27.3 s/curve/worker)
[  9133.3s] 62800 curves sampled (6.88 curves/s, 27.3 s/curve/worker)
[  9161.6s] 63000 curves sampled (6.88 curves/s, 27.3 s/curve/worker)
[  9192.6s] 63200 curves sampled (6.88 curves/s, 27.3 s/curve/worker)
[  9221.6s] 63400 curves sampled (6.88 curves/s, 27.3 s/curve/worker)
[  9249.7s] 63600 curves sampled (6.88 curves/s, 27.3 s/curve/worker)
[  9279.9s] 63800 curves sampled (6.88 curves/s, 27.3 s/curve/worker)
[  9306.8s] 64000 curves sampled (6.88 curves/s, 27.3 s/curve/worker)
[  9326.8s] gate: 2000 traces, 0 winner(s), 14.334s smooth_parts
[  9337.7s] 64200 curves sampled (6.88 curves/s, 27.3 s/curve/worker)
[  9367.9s] 64400 curves sampled (6.87 curves/s, 27.3 s/curve/worker)
[  9395.5s] 64600 curves sampled (6.88 curves/s, 27.3 s/curve/worker)
[  9424.1s] 64800 curves sampled (6.88 curves/s, 27.3 s/curve/worker)
[  9454.9s] 65000 curves sampled (6.87 curves/s, 27.3 s/curve/worker)
[  9482.4s] 65200 curves sampled (6.88 curves/s, 27.3 s/curve/worker)
[  9512.7s] 65400 curves sampled (6.88 curves/s, 27.3 s/curve/worker)
[  9540.4s] 65600 curves sampled (6.88 curves/s, 27.3 s/curve/worker)
[  9569.3s] 65800 curves sampled (6.88 curves/s, 27.3 s/curve/worker)
[  9597.7s] 66000 curves sampled (6.88 curves/s, 27.3 s/curve/worker)
[  9618.0s] gate: 2000 traces, 0 winner(s), 14.528s smooth_parts
[  9629.4s] 66200 curves sampled (6.87 curves/s, 27.3 s/curve/worker)
[  9656.8s] 66400 curves sampled (6.88 curves/s, 27.3 s/curve/worker)
[  9686.1s] 66600 curves sampled (6.88 curves/s, 27.3 s/curve/worker)
[  9715.8s] 66800 curves sampled (6.88 curves/s, 27.3 s/curve/worker)
[  9744.4s] 67000 curves sampled (6.88 curves/s, 27.3 s/curve/worker)
[  9772.9s] 67200 curves sampled (6.88 curves/s, 27.3 s/curve/worker)
[  9800.9s] 67400 curves sampled (6.88 curves/s, 27.3 s/curve/worker)
[  9829.7s] 67600 curves sampled (6.88 curves/s, 27.3 s/curve/worker)
[  9858.4s] 67800 curves sampled (6.88 curves/s, 27.3 s/curve/worker)
[  9887.5s] 68000 curves sampled (6.88 curves/s, 27.3 s/curve/worker)
[  9907.4s] gate: 2000 traces, 0 winner(s), 13.909s smooth_parts
[  9920.0s] 68200 curves sampled (6.87 curves/s, 27.3 s/curve/worker)
[  9947.5s] 68400 curves sampled (6.88 curves/s, 27.3 s/curve/worker)
[  9975.7s] 68600 curves sampled (6.88 curves/s, 27.3 s/curve/worker)
[ 10004.6s] 68800 curves sampled (6.88 curves/s, 27.3 s/curve/worker)
[ 10032.9s] 69000 curves sampled (6.88 curves/s, 27.3 s/curve/worker)
[ 10061.7s] 69200 curves sampled (6.88 curves/s, 27.3 s/curve/worker)
[ 10090.5s] 69400 curves sampled (6.88 curves/s, 27.3 s/curve/worker)
[ 10119.4s] 69600 curves sampled (6.88 curves/s, 27.3 s/curve/worker)
[ 10147.3s] 69800 curves sampled (6.88 curves/s, 27.3 s/curve/worker)
[ 10175.4s] 70000 curves sampled (6.88 curves/s, 27.3 s/curve/worker)
[ 10195.2s] gate: 2000 traces, 0 winner(s), 14.043s smooth_parts
[ 10207.9s] 70200 curves sampled (6.88 curves/s, 27.3 s/curve/worker)
[ 10238.1s] 70400 curves sampled (6.88 curves/s, 27.3 s/curve/worker)
[ 10268.0s] 70600 curves sampled (6.88 curves/s, 27.3 s/curve/worker)
[ 10296.5s] 70800 curves sampled (6.88 curves/s, 27.3 s/curve/worker)
[ 10323.8s] 71000 curves sampled (6.88 curves/s, 27.3 s/curve/worker)
[ 10353.9s] 71200 curves sampled (6.88 curves/s, 27.3 s/curve/worker)
[ 10381.5s] 71400 curves sampled (6.88 curves/s, 27.3 s/curve/worker)
[ 10409.9s] 71600 curves sampled (6.88 curves/s, 27.3 s/curve/worker)
[ 10438.9s] 71800 curves sampled (6.88 curves/s, 27.3 s/curve/worker)
[ 10468.4s] 72000 curves sampled (6.88 curves/s, 27.3 s/curve/worker)
[ 10488.3s] gate: 2000 traces, 0 winner(s), 14.062s smooth_parts
[ 10500.1s] 72200 curves sampled (6.88 curves/s, 27.3 s/curve/worker)
[ 10528.3s] 72400 curves sampled (6.88 curves/s, 27.3 s/curve/worker)
[ 10557.7s] 72600 curves sampled (6.88 curves/s, 27.3 s/curve/worker)
[ 10587.2s] 72800 curves sampled (6.88 curves/s, 27.3 s/curve/worker)
[ 10616.9s] 73000 curves sampled (6.88 curves/s, 27.3 s/curve/worker)
[ 10645.9s] 73200 curves sampled (6.88 curves/s, 27.3 s/curve/worker)
[ 10673.4s] 73400 curves sampled (6.88 curves/s, 27.3 s/curve/worker)
[ 10702.5s] 73600 curves sampled (6.88 curves/s, 27.3 s/curve/worker)
[ 10731.3s] 73800 curves sampled (6.88 curves/s, 27.3 s/curve/worker)
[ 10758.4s] 74000 curves sampled (6.88 curves/s, 27.3 s/curve/worker)
[ 10778.7s] gate: 2000 traces, 0 winner(s), 14.357s smooth_parts
[ 10788.8s] 74200 curves sampled (6.88 curves/s, 27.3 s/curve/worker)
[ 10819.0s] 74400 curves sampled (6.88 curves/s, 27.3 s/curve/worker)
[ 10846.4s] 74600 curves sampled (6.88 curves/s, 27.3 s/curve/worker)
[ 10875.3s] 74800 curves sampled (6.88 curves/s, 27.3 s/curve/worker)
[ 10904.7s] 75000 curves sampled (6.88 curves/s, 27.3 s/curve/worker)
[ 10933.9s] 75200 curves sampled (6.88 curves/s, 27.3 s/curve/worker)
[ 10960.4s] 75400 curves sampled (6.88 curves/s, 27.3 s/curve/worker)
[ 10989.9s] 75600 curves sampled (6.88 curves/s, 27.3 s/curve/worker)
[ 11018.1s] 75800 curves sampled (6.88 curves/s, 27.3 s/curve/worker)
[ 11047.4s] 76000 curves sampled (6.88 curves/s, 27.3 s/curve/worker)
[ 11067.3s] gate: 2000 traces, 0 winner(s), 14.099s smooth_parts
[ 11078.7s] 76200 curves sampled (6.88 curves/s, 27.3 s/curve/worker)
[ 11107.1s] 76400 curves sampled (6.88 curves/s, 27.3 s/curve/worker)
[ 11136.1s] 76600 curves sampled (6.88 curves/s, 27.3 s/curve/worker)
[ 11165.1s] 76800 curves sampled (6.88 curves/s, 27.3 s/curve/worker)
[ 11194.3s] 77000 curves sampled (6.88 curves/s, 27.3 s/curve/worker)
[ 11222.4s] 77200 curves sampled (6.88 curves/s, 27.3 s/curve/worker)
[ 11249.6s] 77400 curves sampled (6.88 curves/s, 27.3 s/curve/worker)
[ 11277.7s] 77600 curves sampled (6.88 curves/s, 27.3 s/curve/worker)
[ 11308.5s] 77800 curves sampled (6.88 curves/s, 27.3 s/curve/worker)
[ 11336.2s] 78000 curves sampled (6.88 curves/s, 27.3 s/curve/worker)
[ 11356.0s] gate: 2000 traces, 0 winner(s), 13.973s smooth_parts
[ 11366.3s] 78200 curves sampled (6.88 curves/s, 27.3 s/curve/worker)
[ 11396.3s] 78400 curves sampled (6.88 curves/s, 27.3 s/curve/worker)
[ 11425.0s] 78600 curves sampled (6.88 curves/s, 27.3 s/curve/worker)
[ 11453.3s] 78800 curves sampled (6.88 curves/s, 27.3 s/curve/worker)
[ 11481.9s] 79000 curves sampled (6.88 curves/s, 27.3 s/curve/worker)
[ 11511.4s] 79200 curves sampled (6.88 curves/s, 27.3 s/curve/worker)
[ 11539.7s] 79400 curves sampled (6.88 curves/s, 27.3 s/curve/worker)
[ 11568.7s] 79600 curves sampled (6.88 curves/s, 27.3 s/curve/worker)
[ 11598.4s] 79800 curves sampled (6.88 curves/s, 27.3 s/curve/worker)
[ 11628.4s] 80000 curves sampled (6.88 curves/s, 27.3 s/curve/worker)
[ 11648.3s] gate: 2000 traces, 0 winner(s), 14.051s smooth_parts
[ 11659.2s] 80200 curves sampled (6.88 curves/s, 27.3 s/curve/worker)
[ 11686.9s] 80400 curves sampled (6.88 curves/s, 27.3 s/curve/worker)
[ 11715.8s] 80600 curves sampled (6.88 curves/s, 27.3 s/curve/worker)
[ 11745.2s] 80800 curves sampled (6.88 curves/s, 27.3 s/curve/worker)
[ 11772.8s] 81000 curves sampled (6.88 curves/s, 27.3 s/curve/worker)
[ 11800.2s] 81200 curves sampled (6.88 curves/s, 27.3 s/curve/worker)
[ 11829.9s] 81400 curves sampled (6.88 curves/s, 27.3 s/curve/worker)
[ 11857.2s] 81600 curves sampled (6.88 curves/s, 27.3 s/curve/worker)
[ 11887.6s] 81800 curves sampled (6.88 curves/s, 27.3 s/curve/worker)
[ 11917.2s] 82000 curves sampled (6.88 curves/s, 27.3 s/curve/worker)
[ 11937.2s] gate: 2000 traces, 0 winner(s), 14.287s smooth_parts
[ 11948.9s] 82200 curves sampled (6.88 curves/s, 27.3 s/curve/worker)
[ 11977.2s] 82400 curves sampled (6.88 curves/s, 27.3 s/curve/worker)
[ 12006.2s] 82600 curves sampled (6.88 curves/s, 27.3 s/curve/worker)
[ 12034.5s] 82800 curves sampled (6.88 curves/s, 27.3 s/curve/worker)
[ 12064.4s] 83000 curves sampled (6.88 curves/s, 27.3 s/curve/worker)
[ 12093.5s] 83200 curves sampled (6.88 curves/s, 27.3 s/curve/worker)
[ 12123.1s] 83400 curves sampled (6.88 curves/s, 27.3 s/curve/worker)
[ 12152.8s] 83600 curves sampled (6.88 curves/s, 27.3 s/curve/worker)
[ 12180.1s] 83800 curves sampled (6.88 curves/s, 27.3 s/curve/worker)
[ 12210.4s] 84000 curves sampled (6.88 curves/s, 27.3 s/curve/worker)
[ 12230.6s] gate: 2000 traces, 0 winner(s), 14.511s smooth_parts
[ 12241.4s] 84200 curves sampled (6.88 curves/s, 27.3 s/curve/worker)
[ 12268.5s] 84400 curves sampled (6.88 curves/s, 27.3 s/curve/worker)
[ 12299.8s] 84600 curves sampled (6.88 curves/s, 27.3 s/curve/worker)
[ 12328.1s] 84800 curves sampled (6.88 curves/s, 27.3 s/curve/worker)
[ 12357.9s] 85000 curves sampled (6.88 curves/s, 27.3 s/curve/worker)
[ 12386.2s] 85200 curves sampled (6.88 curves/s, 27.3 s/curve/worker)
[ 12414.1s] 85400 curves sampled (6.88 curves/s, 27.3 s/curve/worker)
[ 12442.9s] 85600 curves sampled (6.88 curves/s, 27.3 s/curve/worker)
[ 12471.9s] 85800 curves sampled (6.88 curves/s, 27.3 s/curve/worker)
[ 12500.8s] 86000 curves sampled (6.88 curves/s, 27.3 s/curve/worker)
[ 12521.0s] gate: 2000 traces, 0 winner(s), 14.344s smooth_parts
[ 12530.3s] 86200 curves sampled (6.88 curves/s, 27.3 s/curve/worker)
[ 12558.6s] 86400 curves sampled (6.88 curves/s, 27.3 s/curve/worker)
[ 12589.0s] 86600 curves sampled (6.88 curves/s, 27.3 s/curve/worker)
[ 12618.0s] 86800 curves sampled (6.88 curves/s, 27.3 s/curve/worker)
[ 12646.0s] 87000 curves sampled (6.88 curves/s, 27.3 s/curve/worker)
[ 12675.6s] 87200 curves sampled (6.88 curves/s, 27.3 s/curve/worker)
[ 12703.6s] 87400 curves sampled (6.88 curves/s, 27.3 s/curve/worker)
[ 12734.3s] 87600 curves sampled (6.88 curves/s, 27.3 s/curve/worker)
[ 12763.3s] 87800 curves sampled (6.88 curves/s, 27.3 s/curve/worker)
[ 12791.5s] 88000 curves sampled (6.88 curves/s, 27.3 s/curve/worker)
[ 12811.6s] gate: 2000 traces, 0 winner(s), 13.829s smooth_parts
[ 12821.8s] 88200 curves sampled (6.88 curves/s, 27.3 s/curve/worker)
[ 12850.9s] 88400 curves sampled (6.88 curves/s, 27.3 s/curve/worker)
[ 12880.4s] 88600 curves sampled (6.88 curves/s, 27.3 s/curve/worker)
[ 12908.7s] 88800 curves sampled (6.88 curves/s, 27.3 s/curve/worker)
[ 12938.3s] 89000 curves sampled (6.88 curves/s, 27.3 s/curve/worker)
[ 12966.1s] 89200 curves sampled (6.88 curves/s, 27.3 s/curve/worker)
[ 12994.0s] 89400 curves sampled (6.88 curves/s, 27.3 s/curve/worker)
[ 13024.5s] 89600 curves sampled (6.88 curves/s, 27.3 s/curve/worker)
[ 13053.2s] 89800 curves sampled (6.88 curves/s, 27.3 s/curve/worker)
[ 13081.6s] 90000 curves sampled (6.88 curves/s, 27.3 s/curve/worker)
[ 13101.0s] gate: 2000 traces, 0 winner(s), 14.378s smooth_parts
[ 13112.3s] 90200 curves sampled (6.88 curves/s, 27.3 s/curve/worker)
[ 13141.9s] 90400 curves sampled (6.88 curves/s, 27.3 s/curve/worker)
[ 13171.8s] 90600 curves sampled (6.88 curves/s, 27.3 s/curve/worker)
[ 13199.7s] 90800 curves sampled (6.88 curves/s, 27.3 s/curve/worker)
[ 13227.8s] 91000 curves sampled (6.88 curves/s, 27.3 s/curve/worker)
[ 13256.8s] 91200 curves sampled (6.88 curves/s, 27.3 s/curve/worker)
[ 13285.8s] 91400 curves sampled (6.88 curves/s, 27.3 s/curve/worker)
[ 13315.4s] 91600 curves sampled (6.88 curves/s, 27.3 s/curve/worker)
[ 13344.5s] 91800 curves sampled (6.88 curves/s, 27.3 s/curve/worker)
[ 13372.8s] 92000 curves sampled (6.88 curves/s, 27.3 s/curve/worker)
[ 13391.6s] gate: 2000 traces, 0 winner(s), 13.609s smooth_parts
[ 13404.5s] 92200 curves sampled (6.88 curves/s, 27.3 s/curve/worker)
[ 13434.0s] 92400 curves sampled (6.88 curves/s, 27.3 s/curve/worker)
[ 13463.0s] 92600 curves sampled (6.88 curves/s, 27.3 s/curve/worker)
[ 13490.6s] 92800 curves sampled (6.88 curves/s, 27.3 s/curve/worker)
[ 13520.1s] 93000 curves sampled (6.88 curves/s, 27.3 s/curve/worker)
[ 13547.9s] 93200 curves sampled (6.88 curves/s, 27.3 s/curve/worker)
[ 13576.1s] 93400 curves sampled (6.88 curves/s, 27.3 s/curve/worker)
[ 13605.2s] 93600 curves sampled (6.88 curves/s, 27.3 s/curve/worker)
[ 13634.7s] 93800 curves sampled (6.88 curves/s, 27.3 s/curve/worker)
[ 13662.7s] 94000 curves sampled (6.88 curves/s, 27.3 s/curve/worker)
[ 13681.7s] gate: 2000 traces, 0 winner(s), 13.964s smooth_parts
[ 13692.6s] 94200 curves sampled (6.88 curves/s, 27.3 s/curve/worker)
[ 13722.7s] 94400 curves sampled (6.88 curves/s, 27.3 s/curve/worker)
[ 13752.3s] 94600 curves sampled (6.88 curves/s, 27.3 s/curve/worker)
[ 13779.7s] 94800 curves sampled (6.88 curves/s, 27.3 s/curve/worker)
[ 13810.5s] 95000 curves sampled (6.88 curves/s, 27.3 s/curve/worker)
[ 13838.5s] 95200 curves sampled (6.88 curves/s, 27.3 s/curve/worker)
[ 13866.3s] 95400 curves sampled (6.88 curves/s, 27.3 s/curve/worker)
[ 13895.3s] 95600 curves sampled (6.88 curves/s, 27.3 s/curve/worker)
[ 13924.7s] 95800 curves sampled (6.88 curves/s, 27.3 s/curve/worker)
[ 13952.5s] 96000 curves sampled (6.88 curves/s, 27.3 s/curve/worker)
[ 13971.6s] gate: 2000 traces, 0 winner(s), 13.949s smooth_parts
[ 13985.5s] 96200 curves sampled (6.88 curves/s, 27.3 s/curve/worker)
[ 14013.0s] 96400 curves sampled (6.88 curves/s, 27.3 s/curve/worker)
[ 14042.6s] 96600 curves sampled (6.88 curves/s, 27.3 s/curve/worker)
[ 14071.1s] 96800 curves sampled (6.88 curves/s, 27.3 s/curve/worker)
[ 14099.3s] 97000 curves sampled (6.88 curves/s, 27.3 s/curve/worker)
[ 14128.2s] 97200 curves sampled (6.88 curves/s, 27.3 s/curve/worker)
[ 14156.1s] 97400 curves sampled (6.88 curves/s, 27.3 s/curve/worker)
[ 14185.9s] 97600 curves sampled (6.88 curves/s, 27.3 s/curve/worker)
[ 14216.3s] 97800 curves sampled (6.88 curves/s, 27.3 s/curve/worker)
[ 14243.6s] 98000 curves sampled (6.88 curves/s, 27.3 s/curve/worker)
[ 14262.7s] gate: 2000 traces, 0 winner(s), 14.066s smooth_parts
[ 14274.6s] 98200 curves sampled (6.88 curves/s, 27.3 s/curve/worker)
[ 14303.4s] 98400 curves sampled (6.88 curves/s, 27.3 s/curve/worker)
[ 14332.6s] 98600 curves sampled (6.88 curves/s, 27.3 s/curve/worker)
[ 14362.3s] 98800 curves sampled (6.88 curves/s, 27.3 s/curve/worker)
[ 14390.0s] 99000 curves sampled (6.88 curves/s, 27.3 s/curve/worker)
[ 14419.0s] 99200 curves sampled (6.88 curves/s, 27.3 s/curve/worker)
[ 14447.0s] 99400 curves sampled (6.88 curves/s, 27.3 s/curve/worker)
[ 14476.6s] 99600 curves sampled (6.88 curves/s, 27.3 s/curve/worker)
[ 14505.0s] 99800 curves sampled (6.88 curves/s, 27.3 s/curve/worker)
[ 14532.7s] 100000 curves sampled (6.88 curves/s, 27.3 s/curve/worker)
[ 14552.1s] gate: 2000 traces, 0 winner(s), 14.471s smooth_parts
[ 14563.7s] 100200 curves sampled (6.88 curves/s, 27.3 s/curve/worker)
[ 14591.7s] 100400 curves sampled (6.88 curves/s, 27.3 s/curve/worker)
[ 14621.1s] 100600 curves sampled (6.88 curves/s, 27.3 s/curve/worker)
[ 14650.1s] 100800 curves sampled (6.88 curves/s, 27.3 s/curve/worker)
[ 14679.2s] 101000 curves sampled (6.88 curves/s, 27.3 s/curve/worker)
[ 14707.8s] 101200 curves sampled (6.88 curves/s, 27.3 s/curve/worker)
[ 14737.9s] 101400 curves sampled (6.88 curves/s, 27.3 s/curve/worker)
[ 14765.8s] 101600 curves sampled (6.88 curves/s, 27.3 s/curve/worker)
[ 14795.9s] 101800 curves sampled (6.88 curves/s, 27.3 s/curve/worker)
[ 14824.0s] 102000 curves sampled (6.88 curves/s, 27.3 s/curve/worker)
[ 14842.8s] gate: 2000 traces, 0 winner(s), 13.760s smooth_parts
[ 14853.8s] 102200 curves sampled (6.88 curves/s, 27.3 s/curve/worker)
[ 14883.6s] 102400 curves sampled (6.88 curves/s, 27.3 s/curve/worker)
[ 14912.7s] 102600 curves sampled (6.88 curves/s, 27.3 s/curve/worker)
[ 14940.5s] 102800 curves sampled (6.88 curves/s, 27.3 s/curve/worker)
[ 14970.2s] 103000 curves sampled (6.88 curves/s, 27.3 s/curve/worker)
[ 14999.0s] 103200 curves sampled (6.88 curves/s, 27.3 s/curve/worker)
[ 15028.7s] 103400 curves sampled (6.88 curves/s, 27.3 s/curve/worker)
[ 15057.0s] 103600 curves sampled (6.88 curves/s, 27.3 s/curve/worker)
[ 15086.2s] 103800 curves sampled (6.88 curves/s, 27.3 s/curve/worker)
[ 15115.3s] 104000 curves sampled (6.88 curves/s, 27.3 s/curve/worker)
[ 15134.3s] gate: 2000 traces, 0 winner(s), 13.896s smooth_parts
[ 15146.5s] 104200 curves sampled (6.88 curves/s, 27.3 s/curve/worker)
[ 15176.2s] 104400 curves sampled (6.88 curves/s, 27.3 s/curve/worker)
[ 15204.5s] 104600 curves sampled (6.88 curves/s, 27.3 s/curve/worker)
[ 15234.5s] 104800 curves sampled (6.88 curves/s, 27.3 s/curve/worker)
[ 15263.3s] 105000 curves sampled (6.88 curves/s, 27.3 s/curve/worker)
[ 15290.7s] 105200 curves sampled (6.88 curves/s, 27.3 s/curve/worker)
[ 15319.5s] 105400 curves sampled (6.88 curves/s, 27.3 s/curve/worker)
[ 15349.0s] 105600 curves sampled (6.88 curves/s, 27.3 s/curve/worker)
[ 15377.9s] 105800 curves sampled (6.88 curves/s, 27.3 s/curve/worker)
[ 15408.1s] 106000 curves sampled (6.88 curves/s, 27.3 s/curve/worker)
[ 15427.3s] gate: 2000 traces, 0 winner(s), 14.045s smooth_parts
[ 15438.3s] 106200 curves sampled (6.88 curves/s, 27.3 s/curve/worker)
[ 15465.9s] 106400 curves sampled (6.88 curves/s, 27.3 s/curve/worker)
[ 15495.7s] 106600 curves sampled (6.88 curves/s, 27.3 s/curve/worker)
[ 15524.3s] 106800 curves sampled (6.88 curves/s, 27.3 s/curve/worker)
[ 15553.9s] 107000 curves sampled (6.88 curves/s, 27.3 s/curve/worker)
[ 15583.1s] 107200 curves sampled (6.88 curves/s, 27.3 s/curve/worker)
[ 15613.9s] 107400 curves sampled (6.88 curves/s, 27.3 s/curve/worker)
[ 15641.5s] 107600 curves sampled (6.88 curves/s, 27.3 s/curve/worker)
[ 15670.6s] 107800 curves sampled (6.88 curves/s, 27.3 s/curve/worker)
[ 15698.8s] 108000 curves sampled (6.88 curves/s, 27.3 s/curve/worker)
[ 15718.3s] gate: 2000 traces, 0 winner(s), 14.282s smooth_parts
[ 15729.1s] 108200 curves sampled (6.88 curves/s, 27.3 s/curve/worker)
[ 15760.1s] 108400 curves sampled (6.88 curves/s, 27.3 s/curve/worker)
[ 15790.1s] 108600 curves sampled (6.88 curves/s, 27.3 s/curve/worker)
[ 15818.0s] 108800 curves sampled (6.88 curves/s, 27.3 s/curve/worker)
[ 15846.8s] 109000 curves sampled (6.88 curves/s, 27.3 s/curve/worker)
[ 15875.7s] 109200 curves sampled (6.88 curves/s, 27.3 s/curve/worker)
[ 15903.9s] 109400 curves sampled (6.88 curves/s, 27.3 s/curve/worker)
[ 15934.0s] 109600 curves sampled (6.88 curves/s, 27.3 s/curve/worker)
[ 15964.3s] 109800 curves sampled (6.88 curves/s, 27.3 s/curve/worker)
[ 15993.8s] 110000 curves sampled (6.88 curves/s, 27.3 s/curve/worker)
[ 16012.9s] gate: 2000 traces, 0 winner(s), 14.134s smooth_parts
[ 16025.1s] 110200 curves sampled (6.88 curves/s, 27.3 s/curve/worker)
[ 16054.7s] 110400 curves sampled (6.88 curves/s, 27.3 s/curve/worker)
[ 16084.4s] 110600 curves sampled (6.88 curves/s, 27.3 s/curve/worker)
[ 16112.2s] 110800 curves sampled (6.88 curves/s, 27.3 s/curve/worker)
[ 16142.5s] 111000 curves sampled (6.88 curves/s, 27.3 s/curve/worker)
[ 16169.1s] 111200 curves sampled (6.88 curves/s, 27.3 s/curve/worker)
[ 16200.4s] 111400 curves sampled (6.88 curves/s, 27.3 s/curve/worker)
[ 16229.5s] 111600 curves sampled (6.88 curves/s, 27.3 s/curve/worker)
[ 16258.1s] 111800 curves sampled (6.88 curves/s, 27.3 s/curve/worker)
[ 16286.9s] 112000 curves sampled (6.88 curves/s, 27.3 s/curve/worker)
[ 16306.2s] gate: 2000 traces, 0 winner(s), 14.025s smooth_parts
[ 16316.9s] 112200 curves sampled (6.88 curves/s, 27.3 s/curve/worker)
[ 16345.2s] 112400 curves sampled (6.88 curves/s, 27.3 s/curve/worker)
[ 16374.9s] 112600 curves sampled (6.88 curves/s, 27.3 s/curve/worker)
[ 16404.6s] 112800 curves sampled (6.88 curves/s, 27.3 s/curve/worker)
[ 16433.5s] 113000 curves sampled (6.88 curves/s, 27.3 s/curve/worker)
[ 16461.0s] 113200 curves sampled (6.88 curves/s, 27.3 s/curve/worker)
[ 16489.2s] 113400 curves sampled (6.88 curves/s, 27.3 s/curve/worker)
[ 16518.7s] 113600 curves sampled (6.88 curves/s, 27.3 s/curve/worker)
[ 16547.8s] 113800 curves sampled (6.88 curves/s, 27.3 s/curve/worker)
[ 16576.5s] 114000 curves sampled (6.88 curves/s, 27.3 s/curve/worker)
[ 16595.6s] gate: 2000 traces, 0 winner(s), 13.939s smooth_parts
[ 16606.9s] 114200 curves sampled (6.88 curves/s, 27.3 s/curve/worker)
[ 16636.3s] 114400 curves sampled (6.88 curves/s, 27.3 s/curve/worker)
[ 16665.3s] 114600 curves sampled (6.88 curves/s, 27.3 s/curve/worker)
[ 16693.7s] 114800 curves sampled (6.88 curves/s, 27.3 s/curve/worker)
[ 16722.7s] 115000 curves sampled (6.88 curves/s, 27.3 s/curve/worker)
[ 16750.8s] 115200 curves sampled (6.88 curves/s, 27.3 s/curve/worker)
[ 16779.9s] 115400 curves sampled (6.88 curves/s, 27.3 s/curve/worker)
[ 16810.4s] 115600 curves sampled (6.88 curves/s, 27.3 s/curve/worker)
[ 16838.7s] 115800 curves sampled (6.88 curves/s, 27.3 s/curve/worker)
[ 16867.0s] 116000 curves sampled (6.88 curves/s, 27.3 s/curve/worker)
[ 16885.9s] gate: 2000 traces, 0 winner(s), 13.777s smooth_parts
[ 16899.4s] 116200 curves sampled (6.88 curves/s, 27.3 s/curve/worker)
[ 16926.4s] 116400 curves sampled (6.88 curves/s, 27.3 s/curve/worker)
[ 16955.0s] 116600 curves sampled (6.88 curves/s, 27.3 s/curve/worker)
[ 16983.8s] 116800 curves sampled (6.88 curves/s, 27.3 s/curve/worker)
[ 17014.0s] 117000 curves sampled (6.88 curves/s, 27.3 s/curve/worker)
[ 17043.6s] 117200 curves sampled (6.88 curves/s, 27.3 s/curve/worker)
[ 17072.0s] 117400 curves sampled (6.88 curves/s, 27.3 s/curve/worker)
[ 17100.3s] 117600 curves sampled (6.88 curves/s, 27.3 s/curve/worker)
[ 17129.4s] 117800 curves sampled (6.88 curves/s, 27.3 s/curve/worker)
[ 17156.5s] 118000 curves sampled (6.88 curves/s, 27.3 s/curve/worker)
[ 17175.5s] gate: 2000 traces, 0 winner(s), 13.866s smooth_parts
[ 17187.8s] 118200 curves sampled (6.88 curves/s, 27.3 s/curve/worker)
[ 17217.1s] 118400 curves sampled (6.88 curves/s, 27.3 s/curve/worker)
[ 17246.8s] 118600 curves sampled (6.88 curves/s, 27.3 s/curve/worker)
[ 17274.4s] 118800 curves sampled (6.88 curves/s, 27.3 s/curve/worker)
[ 17302.7s] 119000 curves sampled (6.88 curves/s, 27.3 s/curve/worker)
[ 17331.5s] 119200 curves sampled (6.88 curves/s, 27.3 s/curve/worker)
[ 17360.1s] 119400 curves sampled (6.88 curves/s, 27.3 s/curve/worker)
[ 17389.2s] 119600 curves sampled (6.88 curves/s, 27.3 s/curve/worker)
[ 17418.1s] 119800 curves sampled (6.88 curves/s, 27.3 s/curve/worker)
[ 17446.9s] 120000 curves sampled (6.88 curves/s, 27.3 s/curve/worker)
[ 17465.9s] gate: 2000 traces, 0 winner(s), 13.899s smooth_parts
[ 17476.3s] 120200 curves sampled (6.88 curves/s, 27.3 s/curve/worker)
[ 17505.6s] 120400 curves sampled (6.88 curves/s, 27.3 s/curve/worker)
[ 17534.9s] 120600 curves sampled (6.88 curves/s, 27.3 s/curve/worker)
[ 17563.0s] 120800 curves sampled (6.88 curves/s, 27.3 s/curve/worker)
[ 17592.9s] 121000 curves sampled (6.88 curves/s, 27.3 s/curve/worker)
[ 17622.8s] 121200 curves sampled (6.88 curves/s, 27.3 s/curve/worker)
[ 17651.2s] 121400 curves sampled (6.88 curves/s, 27.3 s/curve/worker)
[ 17681.1s] 121600 curves sampled (6.88 curves/s, 27.3 s/curve/worker)
[ 17709.7s] 121800 curves sampled (6.88 curves/s, 27.3 s/curve/worker)
[ 17738.1s] 122000 curves sampled (6.88 curves/s, 27.3 s/curve/worker)
[ 17757.0s] gate: 2000 traces, 0 winner(s), 13.707s smooth_parts
[ 17769.4s] 122200 curves sampled (6.88 curves/s, 27.3 s/curve/worker)
[ 17798.0s] 122400 curves sampled (6.88 curves/s, 27.3 s/curve/worker)
[ 17827.5s] 122600 curves sampled (6.88 curves/s, 27.3 s/curve/worker)
[ 17855.6s] 122800 curves sampled (6.88 curves/s, 27.3 s/curve/worker)
[ 17885.2s] 123000 curves sampled (6.88 curves/s, 27.3 s/curve/worker)
[ 17912.8s] 123200 curves sampled (6.88 curves/s, 27.3 s/curve/worker)
[ 17940.6s] 123400 curves sampled (6.88 curves/s, 27.3 s/curve/worker)
[ 17969.2s] 123600 curves sampled (6.88 curves/s, 27.3 s/curve/worker)
[ 17997.3s] 123800 curves sampled (6.88 curves/s, 27.3 s/curve/worker)
[ 18025.9s] 124000 curves sampled (6.88 curves/s, 27.3 s/curve/worker)
[ 18044.9s] gate: 2000 traces, 0 winner(s), 13.934s smooth_parts
[ 18057.5s] 124200 curves sampled (6.88 curves/s, 27.3 s/curve/worker)
[ 18086.1s] 124400 curves sampled (6.88 curves/s, 27.3 s/curve/worker)
[ 18115.9s] 124600 curves sampled (6.88 curves/s, 27.3 s/curve/worker)
[ 18146.4s] 124800 curves sampled (6.88 curves/s, 27.3 s/curve/worker)
[ 18174.7s] 125000 curves sampled (6.88 curves/s, 27.3 s/curve/worker)
[ 18201.7s] 125200 curves sampled (6.88 curves/s, 27.3 s/curve/worker)
[ 18231.3s] 125400 curves sampled (6.88 curves/s, 27.3 s/curve/worker)
[ 18260.2s] 125600 curves sampled (6.88 curves/s, 27.3 s/curve/worker)
[ 18289.1s] 125800 curves sampled (6.88 curves/s, 27.3 s/curve/worker)
[ 18317.1s] 126000 curves sampled (6.88 curves/s, 27.3 s/curve/worker)
[ 18336.4s] gate: 2000 traces, 0 winner(s), 14.117s smooth_parts
[ 18347.7s] 126200 curves sampled (6.88 curves/s, 27.3 s/curve/worker)
[ 18375.5s] 126400 curves sampled (6.88 curves/s, 27.3 s/curve/worker)
[ 18405.0s] 126600 curves sampled (6.88 curves/s, 27.3 s/curve/worker)
[ 18432.9s] 126800 curves sampled (6.88 curves/s, 27.3 s/curve/worker)
[ 18463.8s] 127000 curves sampled (6.88 curves/s, 27.3 s/curve/worker)
[ 18492.8s] 127200 curves sampled (6.88 curves/s, 27.3 s/curve/worker)
[ 18522.6s] 127400 curves sampled (6.88 curves/s, 27.3 s/curve/worker)
[ 18551.9s] 127600 curves sampled (6.88 curves/s, 27.3 s/curve/worker)
[ 18580.5s] 127800 curves sampled (6.88 curves/s, 27.3 s/curve/worker)
[ 18608.4s] 128000 curves sampled (6.88 curves/s, 27.3 s/curve/worker)
[ 18627.6s] gate: 2000 traces, 0 winner(s), 14.057s smooth_parts
[ 18639.8s] 128200 curves sampled (6.88 curves/s, 27.3 s/curve/worker)
[ 18669.4s] 128400 curves sampled (6.88 curves/s, 27.3 s/curve/worker)
[ 18698.0s] 128600 curves sampled (6.88 curves/s, 27.3 s/curve/worker)
[ 18727.1s] 128800 curves sampled (6.88 curves/s, 27.3 s/curve/worker)
[ 18754.8s] 129000 curves sampled (6.88 curves/s, 27.3 s/curve/worker)
[ 18782.4s] 129200 curves sampled (6.88 curves/s, 27.3 s/curve/worker)
[ 18811.1s] 129400 curves sampled (6.88 curves/s, 27.3 s/curve/worker)
[ 18839.1s] 129600 curves sampled (6.88 curves/s, 27.3 s/curve/worker)
[ 18870.4s] 129800 curves sampled (6.88 curves/s, 27.3 s/curve/worker)
[ 18898.5s] 130000 curves sampled (6.88 curves/s, 27.3 s/curve/worker)
[ 18917.6s] gate: 2000 traces, 0 winner(s), 13.946s smooth_parts
[ 18930.5s] 130200 curves sampled (6.88 curves/s, 27.3 s/curve/worker)
[ 18958.5s] 130400 curves sampled (6.88 curves/s, 27.3 s/curve/worker)
[ 18987.7s] 130600 curves sampled (6.88 curves/s, 27.3 s/curve/worker)
[ 19015.2s] 130800 curves sampled (6.88 curves/s, 27.3 s/curve/worker)
[ 19044.8s] 131000 curves sampled (6.88 curves/s, 27.3 s/curve/worker)
[ 19074.4s] 131200 curves sampled (6.88 curves/s, 27.3 s/curve/worker)
[ 19101.5s] 131400 curves sampled (6.88 curves/s, 27.3 s/curve/worker)
[ 19132.4s] 131600 curves sampled (6.88 curves/s, 27.3 s/curve/worker)
[ 19161.7s] 131800 curves sampled (6.88 curves/s, 27.3 s/curve/worker)
[ 19190.5s] 132000 curves sampled (6.88 curves/s, 27.3 s/curve/worker)
[ 19209.6s] gate: 2000 traces, 0 winner(s), 13.959s smooth_parts
[ 19222.5s] 132200 curves sampled (6.88 curves/s, 27.3 s/curve/worker)
[ 19250.0s] 132400 curves sampled (6.88 curves/s, 27.3 s/curve/worker)
[ 19277.8s] 132600 curves sampled (6.88 curves/s, 27.3 s/curve/worker)
[ 19308.7s] 132800 curves sampled (6.88 curves/s, 27.3 s/curve/worker)
[ 19336.6s] 133000 curves sampled (6.88 curves/s, 27.3 s/curve/worker)
[ 19366.5s] 133200 curves sampled (6.88 curves/s, 27.3 s/curve/worker)
[ 19394.7s] 133400 curves sampled (6.88 curves/s, 27.3 s/curve/worker)
[ 19424.3s] 133600 curves sampled (6.88 curves/s, 27.3 s/curve/worker)
[ 19453.5s] 133800 curves sampled (6.88 curves/s, 27.3 s/curve/worker)
[ 19483.0s] 134000 curves sampled (6.88 curves/s, 27.3 s/curve/worker)
[ 19501.8s] gate: 2000 traces, 0 winner(s), 13.760s smooth_parts
[ 19513.4s] 134200 curves sampled (6.88 curves/s, 27.3 s/curve/worker)
[ 19541.5s] 134400 curves sampled (6.88 curves/s, 27.3 s/curve/worker)
[ 19570.4s] 134600 curves sampled (6.88 curves/s, 27.3 s/curve/worker)
[ 19601.7s] 134800 curves sampled (6.88 curves/s, 27.3 s/curve/worker)
[ 19629.2s] 135000 curves sampled (6.88 curves/s, 27.3 s/curve/worker)
[ 19658.3s] 135200 curves sampled (6.88 curves/s, 27.3 s/curve/worker)
[ 19686.3s] 135400 curves sampled (6.88 curves/s, 27.3 s/curve/worker)
[ 19717.0s] 135600 curves sampled (6.88 curves/s, 27.3 s/curve/worker)
[ 19744.4s] 135800 curves sampled (6.88 curves/s, 27.3 s/curve/worker)
[ 19773.3s] 136000 curves sampled (6.88 curves/s, 27.3 s/curve/worker)
[ 19792.3s] gate: 2000 traces, 0 winner(s), 13.959s smooth_parts
[ 19804.6s] 136200 curves sampled (6.88 curves/s, 27.3 s/curve/worker)
[ 19832.1s] 136400 curves sampled (6.88 curves/s, 27.3 s/curve/worker)
[ 19862.9s] 136600 curves sampled (6.88 curves/s, 27.3 s/curve/worker)
[ 19890.3s] 136800 curves sampled (6.88 curves/s, 27.3 s/curve/worker)
[ 19919.4s] 137000 curves sampled (6.88 curves/s, 27.3 s/curve/worker)
[ 19947.8s] 137200 curves sampled (6.88 curves/s, 27.3 s/curve/worker)
[ 19976.0s] 137400 curves sampled (6.88 curves/s, 27.3 s/curve/worker)
[ 20003.6s] 137600 curves sampled (6.88 curves/s, 27.3 s/curve/worker)
[ 20034.5s] 137800 curves sampled (6.88 curves/s, 27.3 s/curve/worker)
